// Jest Snapshot v1, https://goo.gl/fbAQLP

exports[`EcobeeConfiguration.vue renders correctly 1`] = `
"<div class=\\"ecobee-config\\">
  <h2>Ecobee Configuration</h2>
  <form><label for=\\"ecobee-appkey\\">App Key:</label><input type=\\"text\\" id=\\"ecobee-appkey\\" name=\\"ecobee-appkey\\"><br>
    <div><button>Request PIN</button><br><span>PIN: </span><br></div>
    <!--v-if-->
    <!--v-if-->
  </form>
</div>"
`;
