// Jest Snapshot v1, https://goo.gl/fbAQLP

exports[`SettingsView.vue renders correctly 1`] = `
"<div class=\\"settings\\">
  <ecobee-configuration-stub></ecobee-configuration-stub>
  <m-q-t-t-configuration-stub></m-q-t-t-configuration-stub>
  <bridge-configuration-stub></bridge-configuration-stub>
</div>"
`;
